2025-04-01 16:54:01]   
==4146254== Use of uninitialised value of size 8
==4146254==    at 0x49A292B: ??? (in /usr/lib/x86_64-linux-gnu/libstdc++.so.6.0.30)
==4146254==    by 0x49A30A9: std::ostreambuf_iterator<char, std::char_traits<char> > std::num_put<char, std::ostreambuf_iterator<char, std::char_traits<char> > >::_M_insert_int<unsigned long>(std::ostreambuf_iterator<char, std::char_traits<char> >, std::ios_base&, char, unsigned long) const (in /usr/lib/x86_64-linux-gnu/libstdc++.so.6.0.30)
==4146254==    by 0x49B13C9: std::ostream& std::ostream::_M_insert<unsigned long>(unsigned long) (in /usr/lib/x86_64-linux-gnu/libstdc++.so.6.0.30)
==4146254==    by 0x43436A: HTTPRequest::validateRequest(ConfigFileServer const&, Client&) (in /home/migumore/mmv/github/webserv/webserv)
==4146254==    by 0x424727: Client::handleRequest(HTTPRequest&, ServerLauncher*) (in /home/migumore/mmv/github/webserv/webserv)
==4146254==    by 0x419E28: ServerLauncher::existingClient(int) (in /home/migumore/mmv/github/webserv/webserv)
==4146254==    by 0x419894: ServerLauncher::loop() (in /home/migumore/mmv/github/webserv/webserv)
==4146254==    by 0x406472: main (in /home/migumore/mmv/github/webserv/webserv)
==4146254==  Uninitialised value was created by a stack allocation
==4146254==    at 0x419C30: ServerLauncher::existingClient(int) (in /home/migumore/mmv/github/webserv/webserv)
==4146254== 
==4146254== Conditional jump or move depends on uninitialised value(s)
==4146254==    at 0x49A293D: ??? (in /usr/lib/x86_64-linux-gnu/libstdc++.so.6.0.30)
==4146254==    by 0x49A30A9: std::ostreambuf_iterator<char, std::char_traits<char> > std::num_put<char, std::ostreambuf_iterator<char, std::char_traits<char> > >::_M_insert_int<unsigned long>(std::ostreambuf_iterator<char, std::char_traits<char> >, std::ios_base&, char, unsigned long) const (in /usr/lib/x86_64-linux-gnu/libstdc++.so.6.0.30)
==4146254==    by 0x49B13C9: std::ostream& std::ostream::_M_insert<unsigned long>(unsigned long) (in /usr/lib/x86_64-linux-gnu/libstdc++.so.6.0.30)
==4146254==    by 0x43436A: HTTPRequest::validateRequest(ConfigFileServer const&, Client&) (in /home/migumore/mmv/github/webserv/webserv)
==4146254==    by 0x424727: Client::handleRequest(HTTPRequest&, ServerLauncher*) (in /home/migumore/mmv/github/webserv/webserv)
==4146254==    by 0x419E28: ServerLauncher::existingClient(int) (in /home/migumore/mmv/github/webserv/webserv)
==4146254==    by 0x419894: ServerLauncher::loop() (in /home/migumore/mmv/github/webserv/webserv)
==4146254==    by 0x406472: main (in /home/migumore/mmv/github/webserv/webserv)
==4146254==  Uninitialised value was created by a stack allocation
==4146254==    at 0x419C30: ServerLauncher::existingClient(int) (in /home/migumore/mmv/github/webserv/webserv)
==4146254== 
137422175104-  MAXBODYSIZE 1048576
==4146254== Conditional jump or move depends on uninitialised value(s)
==4146254==    at 0x4343CA: HTTPRequest::validateRequest(ConfigFileServer const&, Client&) (in /home/migumore/mmv/github/webserv/webserv)
==4146254==    by 0x424727: Client::handleRequest(HTTPRequest&, ServerLauncher*) (in /home/migumore/mmv/github/webserv/webserv)
==4146254==    by 0x419E28: ServerLauncher::existingClient(int) (in /home/migumore/mmv/github/webserv/webserv)
==4146254==    by 0x419894: ServerLauncher::loop() (in /home/migumore/mmv/github/webserv/webserv)
==4146254==    by 0x406472: main (in /home/migumore/mmv/github/webserv/webserv)
==4146254==  Uninitialised value was created by a stack allocation
==4146254==    at 0x419C30: ServerLauncher::existingClient(int) (in /home/migumore/mmv/github/webserv/webserv)
==4146254== 
